<html>
<body>
<pre>
<h1>µVision Build Log</h1>
<h2>Tool Versions:</h2>
IDE-Version: ¦ÌVision V5.41.0.0
Copyright (C) 2024 ARM Ltd and ARM Germany GmbH. All rights reserved.
License Information: y ys, a, LIC=BL28G-VGCXX-SGB7K-ZJ8CF-D7AGM-XAR9M
 
Tool Versions:
Toolchain:       MDK-ARM Professional  Version: 5.41.0.0
Toolchain Path:  D:\Program Files\Keil\ARM\ARM_Compiler_5.06u7\Bin
C Compiler:      Armcc.exe V5.06 update 7 (build 960)
Assembler:       Armasm.exe V5.06 update 7 (build 960)
Linker/Locator:  ArmLink.exe V5.06 update 7 (build 960)
Library Manager: ArmAr.exe V5.06 update 7 (build 960)
Hex Converter:   FromElf.exe V5.06 update 7 (build 960)
CPU DLL:         SARMCM3.DLL V5.41.0.0
Dialog DLL:      DARMCM1.DLL V1.19.6.0
Target DLL:      CMSIS_AGDI.dll V1.33.21.0
Dialog DLL:      TARMCM1.DLL V1.14.6.0
 
<h2>Project:</h2>
D:\ÎÄµµ\Ð¾Æ¬\ÆÕÈ½µ¥Æ¬»ú\PY32F0xx_Firmware_V1.4.4\Projects\PY32F003-STK\Example_LL\USART\PY32F003xx_IAP_LL\MDK-ARM\PY32f003xx Boot.uvprojx
Project File Date:  04/07/2025

<h2>Output:</h2>
*** Using Compiler 'V5.06 update 7 (build 960)', folder: 'D:\Program Files\Keil\ARM\ARM_Compiler_5.06u7\Bin'
Rebuild target 'PY32F003x8_Project'
assembling startup_py32f003xx.s...
compiling system_py32f0xx.c...
compiling usart.c...
compiling wdg.c...
compiling main.c...
compiling flash.c...
compiling bootloader.c...
compiling py32f003xx_ll_Start_Kit.c...
compiling py32f0xx_ll_exti.c...
compiling py32f0xx_ll_gpio.c...
compiling py32f0xx_ll_utils.c...
linking...
Program Size: Code=3488 RO-data=252 RW-data=204 ZI-data=1412  
FromELF: creating hex file...
".\Objects\PY32F003_boot.axf" - 0 Error(s), 0 Warning(s).

<h2>Software Packages used:</h2>

Package Vendor: ARM
                https://www.keil.com/pack/ARM.CMSIS.6.1.0.pack
                ARM::CMSIS@6.1.0
                CMSIS (Common Microcontroller Software Interface Standard)
   * Component: CORE Version: 6.1.0

Package Vendor: Puya
                https://www.puyasemi.com/uploadfiles/Puya.PY32F0xx_DFP.1.2.2.pack
                Puya::PY32F0xx_DFP@1.2.2
                Puya PY32F0 Series Device Support

<h2>Collection of Component include folders:</h2>
  ./RTE/_PY32F003x8_Project
  D:/Program Files/Keil/ARM/CMSIS/6.1.0/CMSIS/Core/Include
  D:/Program Files/Keil/Puya/PY32F0xx_DFP/1.2.2/Drivers/CMSIS/Device/PY32F0xx/Include

<h2>Collection of Component Files used:</h2>

   * Component: ARM::CMSIS:CORE@6.1.0
Build Time Elapsed:  00:00:01
</pre>
</body>
</html>
