Component: ARM Compiler 5.06 update 7 (build 960) Tool: armlink [4d3601]

==============================================================================

Section Cross References

    system_py32f0xx.o(i.$Sub$$main) refers to main.o(i.main) for $Super$$main
    system_py32f0xx.o(i.$Sub$$main) refers to system_py32f0xx.o(.ARM.__at_0x20000000) for .ARM.__at_0x20000000
    system_py32f0xx.o(i.SystemCoreClockUpdate) refers to uidiv.o(.text) for __aeabi_uidivmod
    system_py32f0xx.o(i.SystemCoreClockUpdate) refers to system_py32f0xx.o(.data) for .data
    system_py32f0xx.o(i.SystemCoreClockUpdate) refers to system_py32f0xx.o(.constdata) for .constdata
    startup_py32f003xx.o(RESET) refers to startup_py32f003xx.o(STACK) for __initial_sp
    startup_py32f003xx.o(RESET) refers to startup_py32f003xx.o(.text) for Reset_Handler
    startup_py32f003xx.o(.text) refers to system_py32f0xx.o(i.SystemInit) for SystemInit
    startup_py32f003xx.o(.text) refers to entry.o(.ARM.Collect$$$$00000000) for __main
    main.o(i.main) refers to main.o(i.Set_PB5_Level) for Set_PB5_Level
    main.o(i.main) refers to bootloader.o(i.APP_SystemClockConfig) for APP_SystemClockConfig
    main.o(i.main) refers to bootloader.o(i.Bootloader_Init) for Bootloader_Init
    main.o(i.main) refers to bootloader.o(i.Bootloader_ProtocolDetection) for Bootloader_ProtocolDetection
    bootloader.o(i.APP_SystemClockConfig) refers to py32f0xx_ll_utils.o(i.LL_SetSystemCoreClock) for LL_SetSystemCoreClock
    bootloader.o(i.Bootloader_Init) refers to wdg.o(i.WDG_Init) for WDG_Init
    bootloader.o(i.Bootloader_Init) refers to main.o(i.Set_PB5_Level) for Set_PB5_Level
    bootloader.o(i.Bootloader_Init) refers to bootloader.o(i.JumpToAddress) for JumpToAddress
    bootloader.o(i.Bootloader_Init) refers to wdg.o(i.WDG_Refresh) for WDG_Refresh
    bootloader.o(i.Bootloader_Init) refers to bootloader.o(i.LL_GPIO_SetPinMode) for LL_GPIO_SetPinMode
    bootloader.o(i.Bootloader_Init) refers to bootloader.o(i.LL_GPIO_SetAFPin_0_7) for LL_GPIO_SetAFPin_0_7
    bootloader.o(i.Bootloader_Init) refers to bootloader.o(i.LL_GPIO_SetPinPull) for LL_GPIO_SetPinPull
    bootloader.o(i.Bootloader_Init) refers to usart.o(i.USART_SendByte) for USART_SendByte
    bootloader.o(i.Bootloader_Init) refers to bootloader.o(.data) for .data
    bootloader.o(i.Bootloader_ProtocolDetection) refers to usart.o(i.USART_ReadByte) for USART_ReadByte
    bootloader.o(i.Bootloader_ProtocolDetection) refers to usart.o(i.USART_SendByte) for USART_SendByte
    bootloader.o(i.Bootloader_ProtocolDetection) refers to bootloader.o(i.ReadMemory) for ReadMemory
    bootloader.o(i.Bootloader_ProtocolDetection) refers to bootloader.o(i.Go) for Go
    bootloader.o(i.Bootloader_ProtocolDetection) refers to bootloader.o(i.WriteMemory) for WriteMemory
    bootloader.o(i.Bootloader_ProtocolDetection) refers to bootloader.o(i.ExtendedErase) for ExtendedErase
    bootloader.o(i.Bootloader_ProtocolDetection) refers to bootloader.o(i.WriteProtect) for WriteProtect
    bootloader.o(i.Bootloader_ProtocolDetection) refers to flash.o(i.WriteOption) for WriteOption
    bootloader.o(i.Bootloader_ProtocolDetection) refers to bootloader.o(.bss) for .bss
    bootloader.o(i.Bootloader_ProtocolDetection) refers to bootloader.o(.constdata) for .constdata
    bootloader.o(i.ExtendedErase) refers to usart.o(i.USART_ReadByte) for USART_ReadByte
    bootloader.o(i.ExtendedErase) refers to flash.o(i.MassErase) for MassErase
    bootloader.o(i.ExtendedErase) refers to bootloader.o(i.GetXOR) for GetXOR
    bootloader.o(i.ExtendedErase) refers to flash.o(i.PageErase) for PageErase
    bootloader.o(i.ExtendedErase) refers to flash.o(i.SectorErase) for SectorErase
    bootloader.o(i.ExtendedErase) refers to bootloader.o(.bss) for .bss
    bootloader.o(i.GetAddressArea) refers to usart.o(i.USART_ReadByte) for USART_ReadByte
    bootloader.o(i.GetAddressArea) refers to bootloader.o(i.GetXOR) for GetXOR
    bootloader.o(i.GetAddressArea) refers to usart.o(i.USART_SendByte) for USART_SendByte
    bootloader.o(i.GetAddressArea) refers to bootloader.o(.bss) for .bss
    bootloader.o(i.Go) refers to bootloader.o(i.GetAddressArea) for GetAddressArea
    bootloader.o(i.Go) refers to bootloader.o(i.APP_SystemClockConfig) for APP_SystemClockConfig
    bootloader.o(i.Go) refers to bootloader.o(i.JumpToAddress) for JumpToAddress
    bootloader.o(i.JumpToAddress) refers to bootloader.o(i.NVIC_SystemReset) for NVIC_SystemReset
    bootloader.o(i.ReadMemory) refers to bootloader.o(i.GetAddressArea) for GetAddressArea
    bootloader.o(i.ReadMemory) refers to usart.o(i.USART_ReadByte) for USART_ReadByte
    bootloader.o(i.ReadMemory) refers to usart.o(i.USART_SendByte) for USART_SendByte
    bootloader.o(i.ReadMemory) refers to bootloader.o(.bss) for .bss
    bootloader.o(i.WriteMemory) refers to bootloader.o(i.GetAddressArea) for GetAddressArea
    bootloader.o(i.WriteMemory) refers to usart.o(i.USART_ReadByte) for USART_ReadByte
    bootloader.o(i.WriteMemory) refers to bootloader.o(i.GetXOR) for GetXOR
    bootloader.o(i.WriteMemory) refers to flash.o(i.WriteFlash) for WriteFlash
    bootloader.o(i.WriteMemory) refers to flash.o(i.WriteOption) for WriteOption
    bootloader.o(i.WriteMemory) refers to bootloader.o(.bss) for .bss
    bootloader.o(i.WriteProtect) refers to usart.o(i.USART_ReadByte) for USART_ReadByte
    bootloader.o(i.WriteProtect) refers to bootloader.o(i.GetXOR) for GetXOR
    bootloader.o(i.WriteProtect) refers to flash.o(i.WriteOption) for WriteOption
    bootloader.o(i.WriteProtect) refers to bootloader.o(.bss) for .bss
    flash.o(i.MassErase) refers to flash.o(i.SectorErase) for SectorErase
    flash.o(i.PageErase) refers to wdg.o(i.WDG_Refresh) for WDG_Refresh
    flash.o(i.SectorErase) refers to wdg.o(i.WDG_Refresh) for WDG_Refresh
    flash.o(i.WriteOption) refers to usart.o(i.USART_SendByte) for USART_SendByte
    usart.o(i.USART_ReadByte) refers to wdg.o(i.WDG_Refresh) for WDG_Refresh
    usart.o(i.USART_SendByte) refers to wdg.o(i.WDG_Refresh) for WDG_Refresh
    wdg.o(i.WDG_Init) refers to wdg.o(i.WDG_Refresh) for WDG_Refresh
    py32f003xx_ll_start_kit.o(i.BSP_LED_DeInit) refers to py32f003xx_ll_start_kit.o(i.LL_GPIO_SetPinMode) for LL_GPIO_SetPinMode
    py32f003xx_ll_start_kit.o(i.BSP_LED_DeInit) refers to py32f003xx_ll_start_kit.o(.data) for .data
    py32f003xx_ll_start_kit.o(i.BSP_LED_DeInit) refers to py32f003xx_ll_start_kit.o(.constdata) for .constdata
    py32f003xx_ll_start_kit.o(i.BSP_LED_Init) refers to py32f003xx_ll_start_kit.o(i.LL_IOP_GRP1_EnableClock) for LL_IOP_GRP1_EnableClock
    py32f003xx_ll_start_kit.o(i.BSP_LED_Init) refers to py32f003xx_ll_start_kit.o(i.LL_GPIO_SetPinMode) for LL_GPIO_SetPinMode
    py32f003xx_ll_start_kit.o(i.BSP_LED_Init) refers to py32f003xx_ll_start_kit.o(.constdata) for .constdata
    py32f003xx_ll_start_kit.o(i.BSP_LED_Init) refers to py32f003xx_ll_start_kit.o(.data) for .data
    py32f003xx_ll_start_kit.o(i.BSP_LED_Off) refers to py32f003xx_ll_start_kit.o(.data) for .data
    py32f003xx_ll_start_kit.o(i.BSP_LED_Off) refers to py32f003xx_ll_start_kit.o(.constdata) for .constdata
    py32f003xx_ll_start_kit.o(i.BSP_LED_On) refers to py32f003xx_ll_start_kit.o(.data) for .data
    py32f003xx_ll_start_kit.o(i.BSP_LED_On) refers to py32f003xx_ll_start_kit.o(.constdata) for .constdata
    py32f003xx_ll_start_kit.o(i.BSP_LED_Toggle) refers to py32f003xx_ll_start_kit.o(.data) for .data
    py32f003xx_ll_start_kit.o(i.BSP_LED_Toggle) refers to py32f003xx_ll_start_kit.o(.constdata) for .constdata
    py32f003xx_ll_start_kit.o(i.BSP_PB_DeInit) refers to py32f003xx_ll_start_kit.o(i.LL_GPIO_SetPinMode) for LL_GPIO_SetPinMode
    py32f003xx_ll_start_kit.o(i.BSP_PB_DeInit) refers to py32f003xx_ll_start_kit.o(.constdata) for .constdata
    py32f003xx_ll_start_kit.o(i.BSP_PB_DeInit) refers to py32f003xx_ll_start_kit.o(.data) for .data
    py32f003xx_ll_start_kit.o(i.BSP_PB_GetState) refers to py32f003xx_ll_start_kit.o(.data) for .data
    py32f003xx_ll_start_kit.o(i.BSP_PB_GetState) refers to py32f003xx_ll_start_kit.o(.constdata) for .constdata
    py32f003xx_ll_start_kit.o(i.BSP_PB_Init) refers to py32f003xx_ll_start_kit.o(i.LL_IOP_GRP1_EnableClock) for LL_IOP_GRP1_EnableClock
    py32f003xx_ll_start_kit.o(i.BSP_PB_Init) refers to py32f003xx_ll_start_kit.o(i.LL_GPIO_SetPinMode) for LL_GPIO_SetPinMode
    py32f003xx_ll_start_kit.o(i.BSP_PB_Init) refers to py32f003xx_ll_start_kit.o(i.LL_GPIO_SetPinPull) for LL_GPIO_SetPinPull
    py32f003xx_ll_start_kit.o(i.BSP_PB_Init) refers to py32f003xx_ll_start_kit.o(.constdata) for .constdata
    py32f003xx_ll_start_kit.o(i.BSP_PB_Init) refers to py32f003xx_ll_start_kit.o(.data) for .data
    py32f003xx_ll_start_kit.o(i.BSP_USART_Config) refers to py32f003xx_ll_start_kit.o(i.LL_USART_SetBaudRate) for LL_USART_SetBaudRate
    py32f003xx_ll_start_kit.o(i.BSP_USART_Config) refers to py32f003xx_ll_start_kit.o(i.LL_IOP_GRP1_EnableClock) for LL_IOP_GRP1_EnableClock
    py32f003xx_ll_start_kit.o(i.BSP_USART_Config) refers to py32f003xx_ll_start_kit.o(i.LL_GPIO_SetPinMode) for LL_GPIO_SetPinMode
    py32f003xx_ll_start_kit.o(i.BSP_USART_Config) refers to py32f003xx_ll_start_kit.o(i.LL_GPIO_SetPinSpeed) for LL_GPIO_SetPinSpeed
    py32f003xx_ll_start_kit.o(i.BSP_USART_Config) refers to py32f003xx_ll_start_kit.o(i.LL_GPIO_SetPinPull) for LL_GPIO_SetPinPull
    py32f003xx_ll_start_kit.o(i.BSP_USART_Config) refers to py32f003xx_ll_start_kit.o(i.LL_GPIO_SetAFPin_0_7) for LL_GPIO_SetAFPin_0_7
    py32f003xx_ll_start_kit.o(i.BSP_USART_Config) refers to system_py32f0xx.o(.data) for SystemCoreClock
    py32f003xx_ll_start_kit.o(i.LL_USART_SetBaudRate) refers to uidiv.o(.text) for __aeabi_uidivmod
    py32f0xx_ll_utils.o(i.LL_Init1msTick) refers to uidiv.o(.text) for __aeabi_uidivmod
    py32f0xx_ll_utils.o(i.LL_SetSystemCoreClock) refers to system_py32f0xx.o(.data) for SystemCoreClock
    entry.o(.ARM.Collect$$$$00000000) refers (Special) to entry10a.o(.ARM.Collect$$$$0000000F) for __rt_final_cpp
    entry.o(.ARM.Collect$$$$00000000) refers (Special) to entry11a.o(.ARM.Collect$$$$00000011) for __rt_final_exit
    entry.o(.ARM.Collect$$$$00000000) refers (Special) to entry12b.o(.ARM.Collect$$$$0000000E) for __rt_lib_shutdown_fini
    entry.o(.ARM.Collect$$$$00000000) refers (Special) to entry7b.o(.ARM.Collect$$$$00000008) for _main_clock
    entry.o(.ARM.Collect$$$$00000000) refers (Special) to entry8b.o(.ARM.Collect$$$$0000000A) for _main_cpp_init
    entry.o(.ARM.Collect$$$$00000000) refers (Special) to entry9a.o(.ARM.Collect$$$$0000000B) for _main_init
    entry.o(.ARM.Collect$$$$00000000) refers (Special) to entry5.o(.ARM.Collect$$$$00000004) for _main_scatterload
    entry.o(.ARM.Collect$$$$00000000) refers (Special) to entry2.o(.ARM.Collect$$$$00000001) for _main_stk
    entry2.o(.ARM.Collect$$$$00000001) refers to entry2.o(.ARM.Collect$$$$00002712) for __lit__00000000
    entry2.o(.ARM.Collect$$$$00002712) refers to startup_py32f003xx.o(STACK) for __initial_sp
    entry2.o(__vectab_stack_and_reset_area) refers to startup_py32f003xx.o(STACK) for __initial_sp
    entry2.o(__vectab_stack_and_reset_area) refers to entry.o(.ARM.Collect$$$$00000000) for __main
    entry5.o(.ARM.Collect$$$$00000004) refers to init.o(.text) for __scatterload
    entry9a.o(.ARM.Collect$$$$0000000B) refers to system_py32f0xx.o(i.$Sub$$main) for main
    entry9b.o(.ARM.Collect$$$$0000000C) refers to system_py32f0xx.o(i.$Sub$$main) for main
    init.o(.text) refers to entry5.o(.ARM.Collect$$$$00000004) for __main_after_scatterload


==============================================================================

Removing Unused input sections from the image.

    Removing system_py32f0xx.o(.rev16_text), (4 bytes).
    Removing system_py32f0xx.o(.revsh_text), (4 bytes).
    Removing system_py32f0xx.o(i.SystemCoreClockUpdate), (100 bytes).
    Removing system_py32f0xx.o(.constdata), (96 bytes).
    Removing system_py32f0xx.o(.constdata), (32 bytes).
    Removing startup_py32f003xx.o(HEAP), (0 bytes).
    Removing main.o(.rev16_text), (4 bytes).
    Removing main.o(.revsh_text), (4 bytes).
    Removing main.o(.data), (4 bytes).
    Removing main.o(.data), (4 bytes).
    Removing main.o(.data), (4 bytes).
    Removing bootloader.o(.rev16_text), (4 bytes).
    Removing bootloader.o(.revsh_text), (4 bytes).
    Removing flash.o(.rev16_text), (4 bytes).
    Removing flash.o(.revsh_text), (4 bytes).
    Removing usart.o(.rev16_text), (4 bytes).
    Removing usart.o(.revsh_text), (4 bytes).
    Removing wdg.o(.rev16_text), (4 bytes).
    Removing wdg.o(.revsh_text), (4 bytes).
    Removing py32f003xx_ll_start_kit.o(.rev16_text), (4 bytes).
    Removing py32f003xx_ll_start_kit.o(.revsh_text), (4 bytes).
    Removing py32f003xx_ll_start_kit.o(i.BSP_GetVersion), (6 bytes).
    Removing py32f003xx_ll_start_kit.o(i.BSP_LED_DeInit), (36 bytes).
    Removing py32f003xx_ll_start_kit.o(i.BSP_LED_Init), (44 bytes).
    Removing py32f003xx_ll_start_kit.o(i.BSP_LED_Off), (24 bytes).
    Removing py32f003xx_ll_start_kit.o(i.BSP_LED_On), (24 bytes).
    Removing py32f003xx_ll_start_kit.o(i.BSP_LED_Toggle), (28 bytes).
    Removing py32f003xx_ll_start_kit.o(i.BSP_PB_DeInit), (52 bytes).
    Removing py32f003xx_ll_start_kit.o(i.BSP_PB_GetState), (36 bytes).
    Removing py32f003xx_ll_start_kit.o(i.BSP_PB_Init), (184 bytes).
    Removing py32f003xx_ll_start_kit.o(i.BSP_USART_Config), (204 bytes).
    Removing py32f003xx_ll_start_kit.o(i.LL_GPIO_SetAFPin_0_7), (26 bytes).
    Removing py32f003xx_ll_start_kit.o(i.LL_GPIO_SetPinMode), (20 bytes).
    Removing py32f003xx_ll_start_kit.o(i.LL_GPIO_SetPinPull), (20 bytes).
    Removing py32f003xx_ll_start_kit.o(i.LL_GPIO_SetPinSpeed), (20 bytes).
    Removing py32f003xx_ll_start_kit.o(i.LL_IOP_GRP1_EnableClock), (24 bytes).
    Removing py32f003xx_ll_start_kit.o(i.LL_USART_SetBaudRate), (116 bytes).
    Removing py32f003xx_ll_start_kit.o(i.fgetc), (24 bytes).
    Removing py32f003xx_ll_start_kit.o(i.fputc), (28 bytes).
    Removing py32f003xx_ll_start_kit.o(.constdata), (12 bytes).
    Removing py32f003xx_ll_start_kit.o(.data), (8 bytes).
    Removing py32f0xx_ll_exti.o(.rev16_text), (4 bytes).
    Removing py32f0xx_ll_exti.o(.revsh_text), (4 bytes).
    Removing py32f0xx_ll_exti.o(i.LL_EXTI_DeInit), (40 bytes).
    Removing py32f0xx_ll_exti.o(i.LL_EXTI_Init), (188 bytes).
    Removing py32f0xx_ll_exti.o(i.LL_EXTI_StructInit), (14 bytes).
    Removing py32f0xx_ll_gpio.o(.rev16_text), (4 bytes).
    Removing py32f0xx_ll_gpio.o(.revsh_text), (4 bytes).
    Removing py32f0xx_ll_gpio.o(i.LL_GPIO_DeInit), (92 bytes).
    Removing py32f0xx_ll_gpio.o(i.LL_GPIO_Init), (168 bytes).
    Removing py32f0xx_ll_gpio.o(i.LL_GPIO_StructInit), (24 bytes).
    Removing py32f0xx_ll_utils.o(.rev16_text), (4 bytes).
    Removing py32f0xx_ll_utils.o(.revsh_text), (4 bytes).
    Removing py32f0xx_ll_utils.o(i.LL_Init1msTick), (32 bytes).
    Removing py32f0xx_ll_utils.o(i.LL_SetFlashLatency), (80 bytes).
    Removing py32f0xx_ll_utils.o(i.LL_mDelay), (36 bytes).

56 unused section(s) (total 1930 bytes) removed from the image.

==============================================================================

Image Symbol Table

    Local Symbols

    Symbol Name                              Value     Ov Type        Size  Object(Section)

    ../clib/microlib/division.c              0x00000000   Number         0  uidiv.o ABSOLUTE
    ../clib/microlib/init/entry.s            0x00000000   Number         0  entry12b.o ABSOLUTE
    ../clib/microlib/init/entry.s            0x00000000   Number         0  entry11b.o ABSOLUTE
    ../clib/microlib/init/entry.s            0x00000000   Number         0  entry11a.o ABSOLUTE
    ../clib/microlib/init/entry.s            0x00000000   Number         0  entry8b.o ABSOLUTE
    ../clib/microlib/init/entry.s            0x00000000   Number         0  entry8a.o ABSOLUTE
    ../clib/microlib/init/entry.s            0x00000000   Number         0  entry10a.o ABSOLUTE
    ../clib/microlib/init/entry.s            0x00000000   Number         0  entry7a.o ABSOLUTE
    ../clib/microlib/init/entry.s            0x00000000   Number         0  entry9b.o ABSOLUTE
    ../clib/microlib/init/entry.s            0x00000000   Number         0  entry9a.o ABSOLUTE
    ../clib/microlib/init/entry.s            0x00000000   Number         0  entry7b.o ABSOLUTE
    ../clib/microlib/init/entry.s            0x00000000   Number         0  entry10b.o ABSOLUTE
    ../clib/microlib/init/entry.s            0x00000000   Number         0  entry5.o ABSOLUTE
    ../clib/microlib/init/entry.s            0x00000000   Number         0  entry.o ABSOLUTE
    ../clib/microlib/init/entry.s            0x00000000   Number         0  entry2.o ABSOLUTE
    ../clib/microlib/init/entry.s            0x00000000   Number         0  entry12a.o ABSOLUTE
    ..\..\..\..\..\..\Drivers\BSP\PY32F003xx_Start_Kit\py32f003xx_ll_Start_Kit.c 0x00000000   Number         0  py32f003xx_ll_start_kit.o ABSOLUTE
    ..\..\..\..\..\..\Drivers\PY32F0xx_HAL_Driver\Src\py32f0xx_ll_exti.c 0x00000000   Number         0  py32f0xx_ll_exti.o ABSOLUTE
    ..\..\..\..\..\..\Drivers\PY32F0xx_HAL_Driver\Src\py32f0xx_ll_gpio.c 0x00000000   Number         0  py32f0xx_ll_gpio.o ABSOLUTE
    ..\..\..\..\..\..\Drivers\PY32F0xx_HAL_Driver\Src\py32f0xx_ll_utils.c 0x00000000   Number         0  py32f0xx_ll_utils.o ABSOLUTE
    ..\Src\bootloader.c                      0x00000000   Number         0  bootloader.o ABSOLUTE
    ..\Src\flash.c                           0x00000000   Number         0  flash.o ABSOLUTE
    ..\Src\main.c                            0x00000000   Number         0  main.o ABSOLUTE
    ..\Src\system_py32f0xx.c                 0x00000000   Number         0  system_py32f0xx.o ABSOLUTE
    ..\Src\usart.c                           0x00000000   Number         0  usart.o ABSOLUTE
    ..\Src\wdg.c                             0x00000000   Number         0  wdg.o ABSOLUTE
    ..\\..\\..\\..\\..\\..\\Drivers\\BSP\\PY32F003xx_Start_Kit\\py32f003xx_ll_Start_Kit.c 0x00000000   Number         0  py32f003xx_ll_start_kit.o ABSOLUTE
    ..\\..\\..\\..\\..\\..\\Drivers\\PY32F0xx_HAL_Driver\\Src\\py32f0xx_ll_exti.c 0x00000000   Number         0  py32f0xx_ll_exti.o ABSOLUTE
    ..\\..\\..\\..\\..\\..\\Drivers\\PY32F0xx_HAL_Driver\\Src\\py32f0xx_ll_gpio.c 0x00000000   Number         0  py32f0xx_ll_gpio.o ABSOLUTE
    ..\\..\\..\\..\\..\\..\\Drivers\\PY32F0xx_HAL_Driver\\Src\\py32f0xx_ll_utils.c 0x00000000   Number         0  py32f0xx_ll_utils.o ABSOLUTE
    ..\\Src\\bootloader.c                    0x00000000   Number         0  bootloader.o ABSOLUTE
    ..\\Src\\flash.c                         0x00000000   Number         0  flash.o ABSOLUTE
    ..\\Src\\main.c                          0x00000000   Number         0  main.o ABSOLUTE
    ..\\Src\\system_py32f0xx.c               0x00000000   Number         0  system_py32f0xx.o ABSOLUTE
    ..\\Src\\usart.c                         0x00000000   Number         0  usart.o ABSOLUTE
    ..\\Src\\wdg.c                           0x00000000   Number         0  wdg.o ABSOLUTE
    dc.s                                     0x00000000   Number         0  dc.o ABSOLUTE
    handlers.s                               0x00000000   Number         0  handlers.o ABSOLUTE
    init.s                                   0x00000000   Number         0  init.o ABSOLUTE
    startup_py32f003xx.s                     0x00000000   Number         0  startup_py32f003xx.o ABSOLUTE
    RESET                                    0x08000000   Section      192  startup_py32f003xx.o(RESET)
    .ARM.Collect$$$$00000000                 0x080000c0   Section        0  entry.o(.ARM.Collect$$$$00000000)
    .ARM.Collect$$$$00000001                 0x080000c0   Section        4  entry2.o(.ARM.Collect$$$$00000001)
    .ARM.Collect$$$$00000004                 0x080000c4   Section        4  entry5.o(.ARM.Collect$$$$00000004)
    .ARM.Collect$$$$00000008                 0x080000c8   Section        0  entry7b.o(.ARM.Collect$$$$00000008)
    .ARM.Collect$$$$0000000A                 0x080000c8   Section        0  entry8b.o(.ARM.Collect$$$$0000000A)
    .ARM.Collect$$$$0000000B                 0x080000c8   Section        8  entry9a.o(.ARM.Collect$$$$0000000B)
    .ARM.Collect$$$$0000000E                 0x080000d0   Section        4  entry12b.o(.ARM.Collect$$$$0000000E)
    .ARM.Collect$$$$0000000F                 0x080000d4   Section        0  entry10a.o(.ARM.Collect$$$$0000000F)
    .ARM.Collect$$$$00000011                 0x080000d4   Section        0  entry11a.o(.ARM.Collect$$$$00000011)
    .ARM.Collect$$$$00002712                 0x080000d4   Section        4  entry2.o(.ARM.Collect$$$$00002712)
    __lit__00000000                          0x080000d4   Data           4  entry2.o(.ARM.Collect$$$$00002712)
    .text                                    0x080000d8   Section       28  startup_py32f003xx.o(.text)
    .text                                    0x080000f4   Section       36  init.o(.text)
    i.$Sub$$main                             0x08000118   Section        0  system_py32f0xx.o(i.$Sub$$main)
    i.APP_SystemClockConfig                  0x08000148   Section        0  bootloader.o(i.APP_SystemClockConfig)
    i.Bootloader_Init                        0x080001ac   Section        0  bootloader.o(i.Bootloader_Init)
    i.Bootloader_ProtocolDetection           0x080002d0   Section        0  bootloader.o(i.Bootloader_ProtocolDetection)
    i.ExtendedErase                          0x080004e4   Section        0  bootloader.o(i.ExtendedErase)
    i.GetAddressArea                         0x08000588   Section        0  bootloader.o(i.GetAddressArea)
    i.GetXOR                                 0x08000690   Section        0  bootloader.o(i.GetXOR)
    i.Go                                     0x080006a8   Section        0  bootloader.o(i.Go)
    i.JumpToAddress                          0x080006e0   Section        0  bootloader.o(i.JumpToAddress)
    i.LL_GPIO_SetAFPin_0_7                   0x08000744   Section        0  bootloader.o(i.LL_GPIO_SetAFPin_0_7)
    LL_GPIO_SetAFPin_0_7                     0x08000745   Thumb Code    26  bootloader.o(i.LL_GPIO_SetAFPin_0_7)
    i.LL_GPIO_SetPinMode                     0x0800075e   Section        0  bootloader.o(i.LL_GPIO_SetPinMode)
    LL_GPIO_SetPinMode                       0x0800075f   Thumb Code    20  bootloader.o(i.LL_GPIO_SetPinMode)
    i.LL_GPIO_SetPinPull                     0x08000772   Section        0  bootloader.o(i.LL_GPIO_SetPinPull)
    LL_GPIO_SetPinPull                       0x08000773   Thumb Code    20  bootloader.o(i.LL_GPIO_SetPinPull)
    i.LL_SetSystemCoreClock                  0x08000788   Section        0  py32f0xx_ll_utils.o(i.LL_SetSystemCoreClock)
    i.MassErase                              0x08000794   Section        0  flash.o(i.MassErase)
    i.NVIC_SystemReset                       0x080007d4   Section        0  bootloader.o(i.NVIC_SystemReset)
    NVIC_SystemReset                         0x080007d5   Thumb Code    18  bootloader.o(i.NVIC_SystemReset)
    i.PageErase                              0x080007f0   Section        0  flash.o(i.PageErase)
    i.ReadMemory                             0x08000890   Section        0  bootloader.o(i.ReadMemory)
    i.SectorErase                            0x08000960   Section        0  flash.o(i.SectorErase)
    i.Set_PB5_Level                          0x080009c0   Section        0  main.o(i.Set_PB5_Level)
    i.SystemInit                             0x08000a0c   Section        0  system_py32f0xx.o(i.SystemInit)
    i.USART_ReadByte                         0x08000a38   Section        0  usart.o(i.USART_ReadByte)
    i.USART_SendByte                         0x08000a54   Section        0  usart.o(i.USART_SendByte)
    i.WDG_Init                               0x08000a70   Section        0  wdg.o(i.WDG_Init)
    i.WDG_Refresh                            0x08000aa0   Section        0  wdg.o(i.WDG_Refresh)
    i.WriteFlash                             0x08000ac0   Section        0  flash.o(i.WriteFlash)
    i.WriteMemory                            0x08000b60   Section        0  bootloader.o(i.WriteMemory)
    i.__scatterload_null                     0x08000bf8   Section        2  handlers.o(i.__scatterload_null)
    .ARM.__AT_0x08000BFC                     0x08000bfc   Section        4  bootloader.o(.ARM.__AT_0x08000BFC)
    i.WriteOption                            0x08000c00   Section        0  flash.o(i.WriteOption)
    i.WriteProtect                           0x08000cf0   Section        0  bootloader.o(i.WriteProtect)
    i.__scatterload_copy                     0x08000d60   Section       14  handlers.o(i.__scatterload_copy)
    i.__scatterload_zeroinit                 0x08000d6e   Section       14  handlers.o(i.__scatterload_zeroinit)
    i.main                                   0x08000d7c   Section        0  main.o(i.main)
    .constdata                               0x08000da8   Section       12  bootloader.o(.constdata)
    .ARM.__at_0x20000000                     0x20000000   Section      192  system_py32f0xx.o(.ARM.__at_0x20000000)
    .data                                    0x200000c0   Section        4  system_py32f0xx.o(.data)
    .data                                    0x200000c4   Section        4  bootloader.o(.data)
    uwReadCount                              0x200000c4   Data           4  bootloader.o(.data)
    .bss                                     0x200000c8   Section      384  bootloader.o(.bss)
    STACK                                    0x20000248   Section     1024  startup_py32f003xx.o(STACK)

    Global Symbols

    Symbol Name                              Value     Ov Type        Size  Object(Section)

    BuildAttributes$$THM_ISAv3M$S$PE$A:L22$X:L11$S22$IEEE1$IW$USESV6$~STKCKD$USESV7$~SHL$OSPACE$EBA8$MICROLIB$REQ8$PRES8$EABIv2 0x00000000   Number         0  anon$$obj.o ABSOLUTE
    __ARM_use_no_argv                        0x00000000   Number         0  main.o ABSOLUTE
    __arm_fini_                               - Undefined Weak Reference
    __cpp_initialize__aeabi_                  - Undefined Weak Reference
    __cxa_finalize                            - Undefined Weak Reference
    __decompress                              - Undefined Weak Reference
    _clock_init                               - Undefined Weak Reference
    _microlib_exit                            - Undefined Weak Reference
    __Vectors_Size                           0x000000c0   Number         0  startup_py32f003xx.o ABSOLUTE
    __Vectors                                0x08000000   Data           4  startup_py32f003xx.o(RESET)
    __Vectors_End                            0x080000c0   Data           0  startup_py32f003xx.o(RESET)
    __main                                   0x080000c1   Thumb Code     0  entry.o(.ARM.Collect$$$$00000000)
    _main_stk                                0x080000c1   Thumb Code     0  entry2.o(.ARM.Collect$$$$00000001)
    _main_scatterload                        0x080000c5   Thumb Code     0  entry5.o(.ARM.Collect$$$$00000004)
    __main_after_scatterload                 0x080000c9   Thumb Code     0  entry5.o(.ARM.Collect$$$$00000004)
    _main_clock                              0x080000c9   Thumb Code     0  entry7b.o(.ARM.Collect$$$$00000008)
    _main_cpp_init                           0x080000c9   Thumb Code     0  entry8b.o(.ARM.Collect$$$$0000000A)
    _main_init                               0x080000c9   Thumb Code     0  entry9a.o(.ARM.Collect$$$$0000000B)
    __rt_lib_shutdown_fini                   0x080000d1   Thumb Code     0  entry12b.o(.ARM.Collect$$$$0000000E)
    __rt_final_cpp                           0x080000d5   Thumb Code     0  entry10a.o(.ARM.Collect$$$$0000000F)
    __rt_final_exit                          0x080000d5   Thumb Code     0  entry11a.o(.ARM.Collect$$$$00000011)
    Reset_Handler                            0x080000d9   Thumb Code     8  startup_py32f003xx.o(.text)
    NMI_Handler                              0x080000e1   Thumb Code     2  startup_py32f003xx.o(.text)
    HardFault_Handler                        0x080000e3   Thumb Code     2  startup_py32f003xx.o(.text)
    SVC_Handler                              0x080000e5   Thumb Code     2  startup_py32f003xx.o(.text)
    PendSV_Handler                           0x080000e7   Thumb Code     2  startup_py32f003xx.o(.text)
    SysTick_Handler                          0x080000e9   Thumb Code     2  startup_py32f003xx.o(.text)
    ADC_COMP_IRQHandler                      0x080000eb   Thumb Code     0  startup_py32f003xx.o(.text)
    DMA1_Channel1_IRQHandler                 0x080000eb   Thumb Code     0  startup_py32f003xx.o(.text)
    DMA1_Channel2_3_IRQHandler               0x080000eb   Thumb Code     0  startup_py32f003xx.o(.text)
    EXTI0_1_IRQHandler                       0x080000eb   Thumb Code     0  startup_py32f003xx.o(.text)
    EXTI2_3_IRQHandler                       0x080000eb   Thumb Code     0  startup_py32f003xx.o(.text)
    EXTI4_15_IRQHandler                      0x080000eb   Thumb Code     0  startup_py32f003xx.o(.text)
    FLASH_IRQHandler                         0x080000eb   Thumb Code     0  startup_py32f003xx.o(.text)
    I2C1_IRQHandler                          0x080000eb   Thumb Code     0  startup_py32f003xx.o(.text)
    LPTIM1_IRQHandler                        0x080000eb   Thumb Code     0  startup_py32f003xx.o(.text)
    PVD_IRQHandler                           0x080000eb   Thumb Code     0  startup_py32f003xx.o(.text)
    RCC_IRQHandler                           0x080000eb   Thumb Code     0  startup_py32f003xx.o(.text)
    RTC_IRQHandler                           0x080000eb   Thumb Code     0  startup_py32f003xx.o(.text)
    SPI1_IRQHandler                          0x080000eb   Thumb Code     0  startup_py32f003xx.o(.text)
    TIM14_IRQHandler                         0x080000eb   Thumb Code     0  startup_py32f003xx.o(.text)
    TIM16_IRQHandler                         0x080000eb   Thumb Code     0  startup_py32f003xx.o(.text)
    TIM17_IRQHandler                         0x080000eb   Thumb Code     0  startup_py32f003xx.o(.text)
    TIM1_BRK_UP_TRG_COM_IRQHandler           0x080000eb   Thumb Code     0  startup_py32f003xx.o(.text)
    TIM1_CC_IRQHandler                       0x080000eb   Thumb Code     0  startup_py32f003xx.o(.text)
    TIM3_IRQHandler                          0x080000eb   Thumb Code     0  startup_py32f003xx.o(.text)
    USART1_IRQHandler                        0x080000eb   Thumb Code     0  startup_py32f003xx.o(.text)
    USART2_IRQHandler                        0x080000eb   Thumb Code     0  startup_py32f003xx.o(.text)
    WWDG_IRQHandler                          0x080000eb   Thumb Code     0  startup_py32f003xx.o(.text)
    __scatterload                            0x080000f5   Thumb Code    28  init.o(.text)
    __scatterload_rt2                        0x080000f5   Thumb Code     0  init.o(.text)
    main                                     0x08000119   Thumb Code    40  system_py32f0xx.o(i.$Sub$$main)
    APP_SystemClockConfig                    0x08000149   Thumb Code    90  bootloader.o(i.APP_SystemClockConfig)
    Bootloader_Init                          0x080001ad   Thumb Code   264  bootloader.o(i.Bootloader_Init)
    Bootloader_ProtocolDetection             0x080002d1   Thumb Code   498  bootloader.o(i.Bootloader_ProtocolDetection)
    ExtendedErase                            0x080004e5   Thumb Code   158  bootloader.o(i.ExtendedErase)
    GetAddressArea                           0x08000589   Thumb Code   230  bootloader.o(i.GetAddressArea)
    GetXOR                                   0x08000691   Thumb Code    22  bootloader.o(i.GetXOR)
    Go                                       0x080006a9   Thumb Code    46  bootloader.o(i.Go)
    JumpToAddress                            0x080006e1   Thumb Code    84  bootloader.o(i.JumpToAddress)
    LL_SetSystemCoreClock                    0x08000789   Thumb Code     6  py32f0xx_ll_utils.o(i.LL_SetSystemCoreClock)
    MassErase                                0x08000795   Thumb Code    54  flash.o(i.MassErase)
    PageErase                                0x080007f1   Thumb Code   146  flash.o(i.PageErase)
    ReadMemory                               0x08000891   Thumb Code   190  bootloader.o(i.ReadMemory)
    SectorErase                              0x08000961   Thumb Code    88  flash.o(i.SectorErase)
    Set_PB5_Level                            0x080009c1   Thumb Code    66  main.o(i.Set_PB5_Level)
    SystemInit                               0x08000a0d   Thumb Code    30  system_py32f0xx.o(i.SystemInit)
    USART_ReadByte                           0x08000a39   Thumb Code    22  usart.o(i.USART_ReadByte)
    USART_SendByte                           0x08000a55   Thumb Code    22  usart.o(i.USART_SendByte)
    WDG_Init                                 0x08000a71   Thumb Code    30  wdg.o(i.WDG_Init)
    WDG_Refresh                              0x08000aa1   Thumb Code    18  wdg.o(i.WDG_Refresh)
    WriteFlash                               0x08000ac1   Thumb Code   150  flash.o(i.WriteFlash)
    WriteMemory                              0x08000b61   Thumb Code   148  bootloader.o(i.WriteMemory)
    __scatterload_null                       0x08000bf9   Thumb Code     2  handlers.o(i.__scatterload_null)
    BID_DATA                                 0x08000bfc   Data           4  bootloader.o(.ARM.__AT_0x08000BFC)
    WriteOption                              0x08000c01   Thumb Code   224  flash.o(i.WriteOption)
    WriteProtect                             0x08000cf1   Thumb Code    98  bootloader.o(i.WriteProtect)
    __scatterload_copy                       0x08000d61   Thumb Code    14  handlers.o(i.__scatterload_copy)
    __scatterload_zeroinit                   0x08000d6f   Thumb Code    14  handlers.o(i.__scatterload_zeroinit)
    $Super$$main                             0x08000d7d   Thumb Code    36  main.o(i.main)
    BOOTLOADER_CMD                           0x08000da8   Data          12  bootloader.o(.constdata)
    Region$$Table$$Base                      0x08000db4   Number         0  anon$$obj.o(Region$$Table)
    Region$$Table$$Limit                     0x08000dd4   Number         0  anon$$obj.o(Region$$Table)
    VECT_SRAM_TAB                            0x20000000   Data         192  system_py32f0xx.o(.ARM.__at_0x20000000)
    SystemCoreClock                          0x200000c0   Data           4  system_py32f0xx.o(.data)
    guc_DataBuffer                           0x200000c8   Data         384  bootloader.o(.bss)
    __initial_sp                             0x20000648   Data           0  startup_py32f003xx.o(STACK)



==============================================================================

Memory Map of the image

  Image Entry point : 0x080000c1

  Load Region LR_IROM1 (Base: 0x08000000, Size: 0x00000e9c, Max: 0x00010000, ABSOLUTE)

    Execution Region ER_IROM1 (Exec base: 0x08000000, Load base: 0x08000000, Size: 0x00000dd4, Max: 0x00010000, ABSOLUTE)

    Exec Addr    Load Addr    Size         Type   Attr      Idx    E Section Name        Object

    0x08000000   0x08000000   0x000000c0   Data   RO           68    RESET               startup_py32f003xx.o
    0x080000c0   0x080000c0   0x00000000   Code   RO          635  * .ARM.Collect$$$$00000000  mc_p.l(entry.o)
    0x080000c0   0x080000c0   0x00000004   Code   RO          640    .ARM.Collect$$$$00000001  mc_p.l(entry2.o)
    0x080000c4   0x080000c4   0x00000004   Code   RO          643    .ARM.Collect$$$$00000004  mc_p.l(entry5.o)
    0x080000c8   0x080000c8   0x00000000   Code   RO          645    .ARM.Collect$$$$00000008  mc_p.l(entry7b.o)
    0x080000c8   0x080000c8   0x00000000   Code   RO          647    .ARM.Collect$$$$0000000A  mc_p.l(entry8b.o)
    0x080000c8   0x080000c8   0x00000008   Code   RO          648    .ARM.Collect$$$$0000000B  mc_p.l(entry9a.o)
    0x080000d0   0x080000d0   0x00000004   Code   RO          655    .ARM.Collect$$$$0000000E  mc_p.l(entry12b.o)
    0x080000d4   0x080000d4   0x00000000   Code   RO          650    .ARM.Collect$$$$0000000F  mc_p.l(entry10a.o)
    0x080000d4   0x080000d4   0x00000000   Code   RO          652    .ARM.Collect$$$$00000011  mc_p.l(entry11a.o)
    0x080000d4   0x080000d4   0x00000004   Code   RO          641    .ARM.Collect$$$$00002712  mc_p.l(entry2.o)
    0x080000d8   0x080000d8   0x0000001c   Code   RO           69    .text               startup_py32f003xx.o
    0x080000f4   0x080000f4   0x00000024   Code   RO          656    .text               mc_p.l(init.o)
    0x08000118   0x08000118   0x00000030   Code   RO            3    i.$Sub$$main        system_py32f0xx.o
    0x08000148   0x08000148   0x00000064   Code   RO          156    i.APP_SystemClockConfig  bootloader.o
    0x080001ac   0x080001ac   0x00000124   Code   RO          157    i.Bootloader_Init   bootloader.o
    0x080002d0   0x080002d0   0x00000214   Code   RO          158    i.Bootloader_ProtocolDetection  bootloader.o
    0x080004e4   0x080004e4   0x000000a4   Code   RO          159    i.ExtendedErase     bootloader.o
    0x08000588   0x08000588   0x00000108   Code   RO          160    i.GetAddressArea    bootloader.o
    0x08000690   0x08000690   0x00000016   Code   RO          161    i.GetXOR            bootloader.o
    0x080006a6   0x080006a6   0x00000002   PAD
    0x080006a8   0x080006a8   0x00000038   Code   RO          162    i.Go                bootloader.o
    0x080006e0   0x080006e0   0x00000064   Code   RO          163    i.JumpToAddress     bootloader.o
    0x08000744   0x08000744   0x0000001a   Code   RO          164    i.LL_GPIO_SetAFPin_0_7  bootloader.o
    0x0800075e   0x0800075e   0x00000014   Code   RO          165    i.LL_GPIO_SetPinMode  bootloader.o
    0x08000772   0x08000772   0x00000014   Code   RO          166    i.LL_GPIO_SetPinPull  bootloader.o
    0x08000786   0x08000786   0x00000002   PAD
    0x08000788   0x08000788   0x0000000c   Code   RO          595    i.LL_SetSystemCoreClock  py32f0xx_ll_utils.o
    0x08000794   0x08000794   0x00000040   Code   RO          286    i.MassErase         flash.o
    0x080007d4   0x080007d4   0x0000001c   Code   RO          167    i.NVIC_SystemReset  bootloader.o
    0x080007f0   0x080007f0   0x000000a0   Code   RO          287    i.PageErase         flash.o
    0x08000890   0x08000890   0x000000d0   Code   RO          168    i.ReadMemory        bootloader.o
    0x08000960   0x08000960   0x00000060   Code   RO          288    i.SectorErase       flash.o
    0x080009c0   0x080009c0   0x0000004c   Code   RO           75    i.Set_PB5_Level     main.o
    0x08000a0c   0x08000a0c   0x0000002c   Code   RO            5    i.SystemInit        system_py32f0xx.o
    0x08000a38   0x08000a38   0x0000001c   Code   RO          333    i.USART_ReadByte    usart.o
    0x08000a54   0x08000a54   0x0000001c   Code   RO          334    i.USART_SendByte    usart.o
    0x08000a70   0x08000a70   0x00000030   Code   RO          359    i.WDG_Init          wdg.o
    0x08000aa0   0x08000aa0   0x00000020   Code   RO          360    i.WDG_Refresh       wdg.o
    0x08000ac0   0x08000ac0   0x000000a0   Code   RO          289    i.WriteFlash        flash.o
    0x08000b60   0x08000b60   0x00000098   Code   RO          169    i.WriteMemory       bootloader.o
    0x08000bf8   0x08000bf8   0x00000002   Code   RO          661    i.__scatterload_null  mc_p.l(handlers.o)
    0x08000bfa   0x08000bfa   0x00000002   PAD
    0x08000bfc   0x08000bfc   0x00000004   Data   RO          171    .ARM.__AT_0x08000BFC  bootloader.o
    0x08000c00   0x08000c00   0x000000f0   Code   RO          290    i.WriteOption       flash.o
    0x08000cf0   0x08000cf0   0x00000070   Code   RO          170    i.WriteProtect      bootloader.o
    0x08000d60   0x08000d60   0x0000000e   Code   RO          660    i.__scatterload_copy  mc_p.l(handlers.o)
    0x08000d6e   0x08000d6e   0x0000000e   Code   RO          662    i.__scatterload_zeroinit  mc_p.l(handlers.o)
    0x08000d7c   0x08000d7c   0x0000002c   Code   RO           76    i.main              main.o
    0x08000da8   0x08000da8   0x0000000c   Data   RO          173    .constdata          bootloader.o
    0x08000db4   0x08000db4   0x00000020   Data   RO          658    Region$$Table       anon$$obj.o


    Execution Region RW_IRAM1 (Exec base: 0x20000000, Load base: 0x08000dd4, Size: 0x00000648, Max: 0x00002000, ABSOLUTE)

    Exec Addr    Load Addr    Size         Type   Attr      Idx    E Section Name        Object

    0x20000000   0x08000dd4   0x000000c0   Data   RW            6    .ARM.__at_0x20000000  system_py32f0xx.o
    0x200000c0   0x08000e94   0x00000004   Data   RW            9    .data               system_py32f0xx.o
    0x200000c4   0x08000e98   0x00000004   Data   RW          174    .data               bootloader.o
    0x200000c8        -       0x00000180   Zero   RW          172    .bss                bootloader.o
    0x20000248        -       0x00000400   Zero   RW           66    STACK               startup_py32f003xx.o


==============================================================================

Image component sizes


      Code (inc. data)   RO Data    RW Data    ZI Data      Debug   Object Name

      2096        184         16          4        384      43423   bootloader.o
       720         58          0          0          0       5133   flash.o
       120         18          0          0          0      10187   main.o
        12          6          0          0          0        632   py32f0xx_ll_utils.o
        28          8        192          0       1024        648   startup_py32f003xx.o
        92         22          0        196          0     162395   system_py32f0xx.o
        56         12          0          0          0       1078   usart.o
        80         32          0          0          0        957   wdg.o

    ----------------------------------------------------------------------
      3208        340        240        200       1408     224453   Object Totals
         0          0         32          0          0          0   (incl. Generated)
         4          0          0          0          0          0   (incl. Padding)

    ----------------------------------------------------------------------

      Code (inc. data)   RO Data    RW Data    ZI Data      Debug   Library Member Name

         0          0          0          0          0          0   entry.o
         0          0          0          0          0          0   entry10a.o
         0          0          0          0          0          0   entry11a.o
         4          0          0          0          0          0   entry12b.o
         8          4          0          0          0          0   entry2.o
         4          0          0          0          0          0   entry5.o
         0          0          0          0          0          0   entry7b.o
         0          0          0          0          0          0   entry8b.o
         8          4          0          0          0          0   entry9a.o
        30          0          0          0          0          0   handlers.o
        36          8          0          0          0         68   init.o

    ----------------------------------------------------------------------
        92         16          0          0          0         68   Library Totals
         2          0          0          0          0          0   (incl. Padding)

    ----------------------------------------------------------------------

      Code (inc. data)   RO Data    RW Data    ZI Data      Debug   Library Name

        90         16          0          0          0         68   mc_p.l

    ----------------------------------------------------------------------
        92         16          0          0          0         68   Library Totals

    ----------------------------------------------------------------------

==============================================================================


      Code (inc. data)   RO Data    RW Data    ZI Data      Debug   

      3300        356        240        200       1408     223529   Grand Totals
      3300        356        240        200       1408     223529   ELF Image Totals
      3300        356        240        200          0          0   ROM Totals

==============================================================================

    Total RO  Size (Code + RO Data)                 3540 (   3.46kB)
    Total RW  Size (RW Data + ZI Data)              1608 (   1.57kB)
    Total ROM Size (Code + RO Data + RW Data)       3740 (   3.65kB)

==============================================================================

